csi-ncsim - CSI: Command line:
ncsim
    -STATUS
    -NOCOPYRIGHT
    -MESSAGES
    -NCFATAL INVSUP
    -NOWARN DLBRLK
    -TCL
    -NOLOG
    -NOKEY
    -INPUT ./scripts/runscript_nogui.tcl
    work.tb_cardinal_cmp

csi-ncsim - CSI: *F,INTERR: INTERNAL EXCEPTION
-----------------------------------------------------------------
The tool has encountered an unexpected condition and must exit.
Contact Cadence Design Systems customer support about this
problem and provide enough information to help us reproduce it,
including the logfile that contains this error message.
  TOOL:	ncsim(64)	15.20-s086
  HOSTNAME: viterbi-scf02.vlab.usc.edu
  OPERATING SYSTEM: Linux 5.14.0-611.11.1.el9_7.x86_64 #1 SMP PREEMPT_DYNAMIC Tue Nov 25 05:13:22 EST 2025 x86_64
  MESSAGE: sv_seghandler - SIGSEGV while handling SIGSEGV
-----------------------------------------------------------------

csi-ncsim - CSI: Cadence Support Investigation, recording details
External Code in function: <unavailable> offset -65522
External Code in function: <unavailable> offset 1992888
External Code in function: <unavailable> offset -65536
User Code in function: <unavailable> offset 31191232
Verilog Syntax Tree: wire declaration (VST_D_WIRE) in module work.DW_sqrt:module (VST)
	File: /tools/synopsys/syn/Y-2026.03/dw/sim_ver/DW_sqrt.v, line 38, position 32
	Scope: DW_sqrt
	Decompile: logic root
	Source  :   output [(width+1)/2-1 : 0] root;
	Position:                                 ^
External Code in function: <unavailable> offset -65529
